ARM Linker, 5.02 [Build 28] [MDK-ARM Lite]

==============================================================================

Section Cross References

    startup_lpc17xx.o(RESET) refers to startup_lpc17xx.o(STACK) for __initial_sp
    startup_lpc17xx.o(RESET) refers to startup_lpc17xx.o(.text) for Reset_Handler
    startup_lpc17xx.o(RESET) refers to hal_cm3.o(.emb_text) for SVC_Handler
    startup_lpc17xx.o(RESET) refers to uart.o(.text) for UART0_IRQHandler
    startup_lpc17xx.o(.text) refers to system_lpc17xx.o(.text) for SystemInit
    startup_lpc17xx.o(.text) refers to entry.o(.ARM.Collect$$$$00000000) for __main
    system_lpc17xx.o(.text) refers to uldiv.o(.text) for __aeabi_uldivmod
    system_lpc17xx.o(.text) refers to system_lpc17xx.o(.data) for SystemCoreClock
    retarget.o(.text) refers to uart.o(.text) for UARTInit
    retarget.o(.text) refers to retarget.o(.data) for uart_init_called
    uart.o(.text) refers to uart.o(.data) for RcvLock0
    uart.o(.text) refers to uart.o(.bss) for UART0Buffer
    uart.o(.text) refers to system_lpc17xx.o(.data) for SystemCoreClock
    main.o(.text) refers to glcd_spi_lpc1700.o(.text) for GLCD_Bitmap
    main.o(.text) refers to memcpya.o(.text) for __aeabi_memcpy4
    main.o(.text) refers to rand.o(.text) for rand
    main.o(.text) refers to malloc.o(i.malloc) for malloc
    main.o(.text) refers to malloc.o(i.free) for free
    main.o(.text) refers to dflti.o(.text) for __aeabi_i2d
    main.o(.text) refers to cdcmple.o(.text) for __aeabi_cdcmple
    main.o(.text) refers to kbd.o(.text) for INT0_Get
    main.o(.text) refers to led.o(.text) for LED_Out
    main.o(.text) refers to system_lpc17xx.o(.text) for SystemInit
    main.o(.text) refers to hal_cm3.o(.emb_text) for os_set_env
    main.o(.text) refers to main.o(.constdata) for .constdata
    main.o(.text) refers to main.o(.data) for background_bitmap
    main.o(.text) refers to rt_time.o(i.rt_dly_wait) for rt_dly_wait
    main.o(.text) refers to main.o(.bss) for mut_heading
    main.o(.text) refers to rt_mutex.o(i.rt_mut_wait) for rt_mut_wait
    main.o(.text) refers to rt_mutex.o(i.rt_mut_release) for rt_mut_release
    main.o(.text) refers to rt_task.o(i.rt_tsk_delete) for rt_tsk_delete
    main.o(.text) refers to rt_task.o(i.rt_tsk_prio) for rt_tsk_prio
    main.o(.text) refers to rt_mutex.o(i.rt_mut_init) for rt_mut_init
    main.o(.text) refers to rt_task.o(i.rt_tsk_create) for rt_tsk_create
    main.o(.text) refers to rt_task.o(i.rt_sys_init) for rt_sys_init
    glcd_spi_lpc1700.o(.text) refers to glcd_spi_lpc1700.o(.data) for Himax
    glcd_spi_lpc1700.o(.text) refers to glcd_spi_lpc1700.o(.constdata) for Font_6x8_h
    led.o(.text) refers to led.o(.constdata) for led_mask
    rt_task.o(i.rt_block) refers to rt_list.o(i.rt_put_dly) for rt_put_dly
    rt_task.o(i.rt_block) refers to rt_list.o(i.rt_get_first) for rt_get_first
    rt_task.o(i.rt_block) refers to rt_task.o(i.rt_switch_req) for rt_switch_req
    rt_task.o(i.rt_block) refers to rt_task.o(.data) for .data
    rt_task.o(i.rt_block) refers to rt_list.o(.bss) for os_rdy
    rt_task.o(i.rt_dispatch) refers to rt_list.o(i.rt_put_rdy_first) for rt_put_rdy_first
    rt_task.o(i.rt_dispatch) refers to rt_task.o(i.rt_switch_req) for rt_switch_req
    rt_task.o(i.rt_dispatch) refers to rt_list.o(i.rt_get_first) for rt_get_first
    rt_task.o(i.rt_dispatch) refers to rt_list.o(i.rt_put_prio) for rt_put_prio
    rt_task.o(i.rt_dispatch) refers to rt_task.o(.data) for .data
    rt_task.o(i.rt_dispatch) refers to rt_list.o(.bss) for os_rdy
    rt_task.o(i.rt_init_context) refers to rt_membox.o(i.rt_alloc_box) for rt_alloc_box
    rt_task.o(i.rt_init_context) refers to hal_cm3.o(i.rt_init_stack) for rt_init_stack
    rt_task.o(i.rt_init_context) refers to rtx_conf_cm.o(.bss) for mp_stk
    rt_task.o(i.rt_switch_req) refers to hal_cm3.o(i.dbg_task_switch) for dbg_task_switch
    rt_task.o(i.rt_switch_req) refers to rt_task.o(.data) for .data
    rt_task.o(i.rt_switch_req) refers to hal_cm3.o(.data) for dbg_msg
    rt_task.o(i.rt_sys_init) refers to hal_cm3.o(i.dbg_init) for dbg_init
    rt_task.o(i.rt_sys_init) refers to rt_membox.o(i._init_box) for _init_box
    rt_task.o(i.rt_sys_init) refers to rt_task.o(i.rt_init_context) for rt_init_context
    rt_task.o(i.rt_sys_init) refers to hal_cm3.o(.emb_text) for rt_set_PSP
    rt_task.o(i.rt_sys_init) refers to rt_robin.o(i.rt_init_robin) for rt_init_robin
    rt_task.o(i.rt_sys_init) refers to rt_system.o(i.os_tick_init) for os_tick_init
    rt_task.o(i.rt_sys_init) refers to rt_task.o(i.rt_tsk_create) for rt_tsk_create
    rt_task.o(i.rt_sys_init) refers to rtx_conf_cm.o(.bss) for os_active_TCB
    rt_task.o(i.rt_sys_init) refers to rtx_conf_cm.o(.constdata) for os_maxtaskrun
    rt_task.o(i.rt_sys_init) refers to rtx_conf_cm.o(.data) for m_tmr
    rt_task.o(i.rt_sys_init) refers to rt_task.o(.bss) for .bss
    rt_task.o(i.rt_sys_init) refers to rtx_conf_cm.o(.text) for os_idle_demon
    rt_task.o(i.rt_sys_init) refers to rt_list.o(.bss) for os_rdy
    rt_task.o(i.rt_sys_init) refers to rt_task.o(.data) for .data
    rt_task.o(i.rt_sys_init) refers to rt_system.o(.data) for os_tick_irqn
    rt_task.o(i.rt_tsk_create) refers to rt_membox.o(i.rt_alloc_box) for rt_alloc_box
    rt_task.o(i.rt_tsk_create) refers to rt_task.o(i.rt_init_context) for rt_init_context
    rt_task.o(i.rt_tsk_create) refers to hal_cm3.o(i.dbg_task_notify) for dbg_task_notify
    rt_task.o(i.rt_tsk_create) refers to rt_task.o(i.rt_dispatch) for rt_dispatch
    rt_task.o(i.rt_tsk_create) refers to rtx_conf_cm.o(.bss) for mp_tcb
    rt_task.o(i.rt_tsk_create) refers to rtx_conf_cm.o(.constdata) for os_maxtaskrun
    rt_task.o(i.rt_tsk_create) refers to hal_cm3.o(.data) for dbg_msg
    rt_task.o(i.rt_tsk_create) refers to rt_task.o(.data) for .data
    rt_task.o(i.rt_tsk_delete) refers to hal_cm3.o(.emb_text) for rt_get_PSP
    rt_task.o(i.rt_tsk_delete) refers to rt_system.o(i.rt_stk_check) for rt_stk_check
    rt_task.o(i.rt_tsk_delete) refers to rt_membox.o(i.rt_free_box) for rt_free_box
    rt_task.o(i.rt_tsk_delete) refers to hal_cm3.o(i.dbg_task_notify) for dbg_task_notify
    rt_task.o(i.rt_tsk_delete) refers to rt_task.o(i.rt_dispatch) for rt_dispatch
    rt_task.o(i.rt_tsk_delete) refers to rt_list.o(i.rt_rmv_list) for rt_rmv_list
    rt_task.o(i.rt_tsk_delete) refers to rt_list.o(i.rt_rmv_dly) for rt_rmv_dly
    rt_task.o(i.rt_tsk_delete) refers to hal_cm3.o(.data) for dbg_msg
    rt_task.o(i.rt_tsk_delete) refers to rt_task.o(.data) for .data
    rt_task.o(i.rt_tsk_delete) refers to rtx_conf_cm.o(.bss) for os_active_TCB
    rt_task.o(i.rt_tsk_delete) refers to rtx_conf_cm.o(.constdata) for os_maxtaskrun
    rt_task.o(i.rt_tsk_pass) refers to rt_list.o(i.rt_get_same_rdy_prio) for rt_get_same_rdy_prio
    rt_task.o(i.rt_tsk_pass) refers to rt_list.o(i.rt_put_prio) for rt_put_prio
    rt_task.o(i.rt_tsk_pass) refers to rt_task.o(i.rt_switch_req) for rt_switch_req
    rt_task.o(i.rt_tsk_pass) refers to rt_task.o(.data) for .data
    rt_task.o(i.rt_tsk_pass) refers to rt_list.o(.bss) for os_rdy
    rt_task.o(i.rt_tsk_prio) refers to rt_list.o(i.rt_put_prio) for rt_put_prio
    rt_task.o(i.rt_tsk_prio) refers to rt_list.o(i.rt_resort_prio) for rt_resort_prio
    rt_task.o(i.rt_tsk_prio) refers to rt_list.o(i.rt_get_first) for rt_get_first
    rt_task.o(i.rt_tsk_prio) refers to rt_task.o(i.rt_dispatch) for rt_dispatch
    rt_task.o(i.rt_tsk_prio) refers to rt_task.o(.data) for .data
    rt_task.o(i.rt_tsk_prio) refers to rtx_conf_cm.o(.constdata) for os_maxtaskrun
    rt_task.o(i.rt_tsk_prio) refers to rtx_conf_cm.o(.bss) for os_active_TCB
    rt_task.o(i.rt_tsk_prio) refers to rt_list.o(.bss) for os_rdy
    rt_task.o(i.rt_tsk_self) refers to rt_task.o(.data) for .data
    rt_time.o(i.rt_dly_wait) refers to rt_task.o(i.rt_block) for rt_block
    rt_time.o(i.rt_itv_set) refers to rt_task.o(.data) for os_tsk
    rt_time.o(i.rt_itv_set) refers to rt_time.o(.data) for .data
    rt_time.o(i.rt_itv_wait) refers to rt_task.o(i.rt_block) for rt_block
    rt_time.o(i.rt_itv_wait) refers to rt_task.o(.data) for os_tsk
    rt_time.o(i.rt_itv_wait) refers to rt_time.o(.data) for .data
    rt_time.o(i.rt_time_get) refers to rt_time.o(.data) for .data
    rt_mutex.o(i.rt_mut_release) refers to rt_list.o(i.rt_get_first) for rt_get_first
    rt_mutex.o(i.rt_mut_release) refers to rt_list.o(i.rt_rmv_dly) for rt_rmv_dly
    rt_mutex.o(i.rt_mut_release) refers to rt_list.o(i.rt_put_prio) for rt_put_prio
    rt_mutex.o(i.rt_mut_release) refers to rt_task.o(i.rt_dispatch) for rt_dispatch
    rt_mutex.o(i.rt_mut_release) refers to rt_task.o(.data) for os_tsk
    rt_mutex.o(i.rt_mut_release) refers to rt_list.o(.bss) for os_rdy
    rt_mutex.o(i.rt_mut_wait) refers to rt_list.o(i.rt_resort_prio) for rt_resort_prio
    rt_mutex.o(i.rt_mut_wait) refers to rt_list.o(i.rt_put_prio) for rt_put_prio
    rt_mutex.o(i.rt_mut_wait) refers to rt_task.o(i.rt_block) for rt_block
    rt_mutex.o(i.rt_mut_wait) refers to rt_task.o(.data) for os_tsk
    hal_cm3.o(.emb_text) refers to rtx_conf_cm.o(.constdata) for os_flags
    hal_cm3.o(.emb_text) refers to rt_membox.o(i.rt_alloc_box) for rt_alloc_box
    hal_cm3.o(.emb_text) refers to rt_membox.o(i.rt_free_box) for rt_free_box
    hal_cm3.o(.emb_text) refers to rt_system.o(i.rt_stk_check) for rt_stk_check
    hal_cm3.o(.emb_text) refers to rt_task.o(.data) for os_tsk
    hal_cm3.o(.emb_text) refers to SVC_Table.o(SVC_TABLE) for SVC_Count
    hal_cm3.o(.emb_text) refers to rt_system.o(i.rt_pop_req) for rt_pop_req
    hal_cm3.o(.emb_text) refers to rt_system.o(i.rt_systick) for rt_systick
    hal_cm3.o(.emb_text) refers to rt_system.o(i.os_tick_irqack) for os_tick_irqack
    hal_cm3.o(i.dbg_init) refers to hal_cm3.o(.data) for .data
    hal_cm3.o(i.rt_init_stack) refers to rtx_conf_cm.o(.constdata) for os_stackinfo
    rt_system.o(i.os_tick_init) refers to rtx_conf_cm.o(.constdata) for os_trv
    rt_system.o(i.rt_pop_req) refers to rt_list.o(i.rt_put_rdy_first) for rt_put_rdy_first
    rt_system.o(i.rt_pop_req) refers to rt_semaphore.o(i.rt_sem_psh) for rt_sem_psh
    rt_system.o(i.rt_pop_req) refers to rt_list.o(i.rt_get_first) for rt_get_first
    rt_system.o(i.rt_pop_req) refers to rt_task.o(i.rt_switch_req) for rt_switch_req
    rt_system.o(i.rt_pop_req) refers to rt_event.o(i.rt_evt_psh) for rt_evt_psh
    rt_system.o(i.rt_pop_req) refers to rt_mailbox.o(i.rt_mbx_psh) for rt_mbx_psh
    rt_system.o(i.rt_pop_req) refers to rt_task.o(.data) for os_tsk
    rt_system.o(i.rt_pop_req) refers to rtx_conf_cm.o(.bss) for os_fifo
    rt_system.o(i.rt_pop_req) refers to rt_list.o(.bss) for os_rdy
    rt_system.o(i.rt_psh_req) refers to rt_system.o(.data) for .data
    rt_system.o(i.rt_resume) refers to rt_list.o(i.rt_put_rdy_first) for rt_put_rdy_first
    rt_system.o(i.rt_resume) refers to rt_list.o(i.rt_dec_dly) for rt_dec_dly
    rt_system.o(i.rt_resume) refers to rt_timer.o(i.rt_tmr_tick) for rt_tmr_tick
    rt_system.o(i.rt_resume) refers to rt_list.o(i.rt_get_first) for rt_get_first
    rt_system.o(i.rt_resume) refers to rt_task.o(i.rt_switch_req) for rt_switch_req
    rt_system.o(i.rt_resume) refers to rt_system.o(i.rt_tsk_unlock) for rt_tsk_unlock
    rt_system.o(i.rt_resume) refers to rt_task.o(.data) for os_tsk
    rt_system.o(i.rt_resume) refers to rt_robin.o(.data) for os_robin
    rt_system.o(i.rt_resume) refers to rt_list.o(.bss) for os_dly
    rt_system.o(i.rt_resume) refers to rt_time.o(.data) for os_time
    rt_system.o(i.rt_resume) refers to rt_timer.o(.data) for os_tmr
    rt_system.o(i.rt_stk_check) refers to rtx_conf_cm.o(.text) for os_error
    rt_system.o(i.rt_stk_check) refers to rt_task.o(.data) for os_tsk
    rt_system.o(i.rt_suspend) refers to rt_system.o(i.rt_tsk_lock) for rt_tsk_lock
    rt_system.o(i.rt_suspend) refers to rt_list.o(.bss) for os_dly
    rt_system.o(i.rt_suspend) refers to rt_timer.o(.data) for os_tmr
    rt_system.o(i.rt_systick) refers to rt_list.o(i.rt_put_rdy_first) for rt_put_rdy_first
    rt_system.o(i.rt_systick) refers to rt_robin.o(i.rt_chk_robin) for rt_chk_robin
    rt_system.o(i.rt_systick) refers to rt_list.o(i.rt_dec_dly) for rt_dec_dly
    rt_system.o(i.rt_systick) refers to rt_timer.o(i.rt_tmr_tick) for rt_tmr_tick
    rt_system.o(i.rt_systick) refers to rt_list.o(i.rt_get_first) for rt_get_first
    rt_system.o(i.rt_systick) refers to rt_task.o(i.rt_switch_req) for rt_switch_req
    rt_system.o(i.rt_systick) refers to rt_task.o(.data) for os_tsk
    rt_system.o(i.rt_systick) refers to rt_time.o(.data) for os_time
    rt_system.o(i.rt_systick) refers to rt_list.o(.bss) for os_rdy
    rt_system.o(i.rt_tsk_lock) refers to rt_system.o(.data) for .data
    rt_system.o(i.rt_tsk_unlock) refers to rt_system.o(.data) for .data
    rt_list.o(i.rt_dec_dly) refers to rt_list.o(i.rt_put_prio) for rt_put_prio
    rt_list.o(i.rt_dec_dly) refers to rt_list.o(.bss) for .bss
    rt_list.o(i.rt_dec_dly) refers to rt_time.o(.data) for os_time
    rt_list.o(i.rt_get_same_rdy_prio) refers to rt_list.o(.bss) for .bss
    rt_list.o(i.rt_get_same_rdy_prio) refers to rt_task.o(.data) for os_tsk
    rt_list.o(i.rt_psq_enq) refers to rtx_conf_cm.o(.text) for os_error
    rt_list.o(i.rt_psq_enq) refers to rtx_conf_cm.o(.bss) for os_fifo
    rt_list.o(i.rt_put_dly) refers to rt_list.o(.bss) for .bss
    rt_list.o(i.rt_put_rdy_first) refers to rt_list.o(.bss) for .bss
    rt_list.o(i.rt_resort_prio) refers to rt_list.o(i.rt_rmv_list) for rt_rmv_list
    rt_list.o(i.rt_resort_prio) refers to rt_list.o(i.rt_put_prio) for rt_put_prio
    rt_list.o(i.rt_resort_prio) refers to rt_list.o(.bss) for .bss
    rt_list.o(i.rt_rmv_list) refers to rt_list.o(.bss) for .bss
    rt_robin.o(i.rt_chk_robin) refers to rt_list.o(i.rt_get_first) for rt_get_first
    rt_robin.o(i.rt_chk_robin) refers to rt_list.o(i.rt_put_prio) for rt_put_prio
    rt_robin.o(i.rt_chk_robin) refers to rt_robin.o(.data) for .data
    rt_robin.o(i.rt_chk_robin) refers to rt_list.o(.bss) for os_rdy
    rt_robin.o(i.rt_chk_robin) refers to rt_time.o(.data) for os_time
    rt_robin.o(i.rt_init_robin) refers to rt_robin.o(.data) for .data
    rt_robin.o(i.rt_init_robin) refers to rtx_conf_cm.o(.constdata) for os_rrobin
    rt_membox.o(i._calloc_box) refers to hal_cm3.o(.emb_text) for _alloc_box
    rt_event.o(i.isr_evt_set) refers to rt_list.o(i.rt_psq_enq) for rt_psq_enq
    rt_event.o(i.isr_evt_set) refers to rt_system.o(i.rt_psh_req) for rt_psh_req
    rt_event.o(i.isr_evt_set) refers to rtx_conf_cm.o(.bss) for os_active_TCB
    rt_event.o(i.rt_evt_clr) refers to rtx_conf_cm.o(.bss) for os_active_TCB
    rt_event.o(i.rt_evt_get) refers to rt_task.o(.data) for os_tsk
    rt_event.o(i.rt_evt_psh) refers to rt_list.o(i.rt_rmv_dly) for rt_rmv_dly
    rt_event.o(i.rt_evt_psh) refers to rt_list.o(i.rt_put_prio) for rt_put_prio
    rt_event.o(i.rt_evt_psh) refers to rt_list.o(.bss) for os_rdy
    rt_event.o(i.rt_evt_set) refers to rt_list.o(i.rt_rmv_dly) for rt_rmv_dly
    rt_event.o(i.rt_evt_set) refers to rt_task.o(i.rt_dispatch) for rt_dispatch
    rt_event.o(i.rt_evt_set) refers to rtx_conf_cm.o(.bss) for os_active_TCB
    rt_event.o(i.rt_evt_wait) refers to rt_task.o(i.rt_block) for rt_block
    rt_event.o(i.rt_evt_wait) refers to rt_task.o(.data) for os_tsk
    rt_mailbox.o(i.isr_mbx_receive) refers to rt_list.o(i.rt_psq_enq) for rt_psq_enq
    rt_mailbox.o(i.isr_mbx_receive) refers to rt_system.o(i.rt_psh_req) for rt_psh_req
    rt_mailbox.o(i.isr_mbx_send) refers to rt_list.o(i.rt_psq_enq) for rt_psq_enq
    rt_mailbox.o(i.isr_mbx_send) refers to rt_system.o(i.rt_psh_req) for rt_psh_req
    rt_mailbox.o(i.rt_mbx_psh) refers to rt_list.o(i.rt_get_first) for rt_get_first
    rt_mailbox.o(i.rt_mbx_psh) refers to rt_list.o(i.rt_rmv_dly) for rt_rmv_dly
    rt_mailbox.o(i.rt_mbx_psh) refers to rt_list.o(i.rt_put_prio) for rt_put_prio
    rt_mailbox.o(i.rt_mbx_psh) refers to rtx_conf_cm.o(.text) for os_error
    rt_mailbox.o(i.rt_mbx_psh) refers to rt_list.o(.bss) for os_rdy
    rt_mailbox.o(i.rt_mbx_send) refers to rt_list.o(i.rt_put_prio) for rt_put_prio
    rt_mailbox.o(i.rt_mbx_send) refers to rt_list.o(i.rt_get_first) for rt_get_first
    rt_mailbox.o(i.rt_mbx_send) refers to rt_list.o(i.rt_rmv_dly) for rt_rmv_dly
    rt_mailbox.o(i.rt_mbx_send) refers to rt_task.o(i.rt_dispatch) for rt_dispatch
    rt_mailbox.o(i.rt_mbx_send) refers to rt_task.o(i.rt_block) for rt_block
    rt_mailbox.o(i.rt_mbx_send) refers to rt_task.o(.data) for os_tsk
    rt_mailbox.o(i.rt_mbx_wait) refers to rt_list.o(i.rt_get_first) for rt_get_first
    rt_mailbox.o(i.rt_mbx_wait) refers to rt_list.o(i.rt_rmv_dly) for rt_rmv_dly
    rt_mailbox.o(i.rt_mbx_wait) refers to rt_task.o(i.rt_dispatch) for rt_dispatch
    rt_mailbox.o(i.rt_mbx_wait) refers to rt_list.o(i.rt_put_prio) for rt_put_prio
    rt_mailbox.o(i.rt_mbx_wait) refers to rt_task.o(i.rt_block) for rt_block
    rt_mailbox.o(i.rt_mbx_wait) refers to rt_task.o(.data) for os_tsk
    rt_semaphore.o(i.isr_sem_send) refers to rt_list.o(i.rt_psq_enq) for rt_psq_enq
    rt_semaphore.o(i.isr_sem_send) refers to rt_system.o(i.rt_psh_req) for rt_psh_req
    rt_semaphore.o(i.rt_sem_psh) refers to rt_list.o(i.rt_get_first) for rt_get_first
    rt_semaphore.o(i.rt_sem_psh) refers to rt_list.o(i.rt_rmv_dly) for rt_rmv_dly
    rt_semaphore.o(i.rt_sem_psh) refers to rt_list.o(i.rt_put_prio) for rt_put_prio
    rt_semaphore.o(i.rt_sem_psh) refers to rt_list.o(.bss) for os_rdy
    rt_semaphore.o(i.rt_sem_send) refers to rt_list.o(i.rt_get_first) for rt_get_first
    rt_semaphore.o(i.rt_sem_send) refers to rt_list.o(i.rt_rmv_dly) for rt_rmv_dly
    rt_semaphore.o(i.rt_sem_send) refers to rt_task.o(i.rt_dispatch) for rt_dispatch
    rt_semaphore.o(i.rt_sem_send) refers to rt_task.o(.data) for os_tsk
    rt_semaphore.o(i.rt_sem_wait) refers to rt_list.o(i.rt_put_prio) for rt_put_prio
    rt_semaphore.o(i.rt_sem_wait) refers to rt_task.o(i.rt_block) for rt_block
    rt_semaphore.o(i.rt_sem_wait) refers to rt_task.o(.data) for os_tsk
    rt_timer.o(i.rt_tmr_create) refers to rt_membox.o(i.rt_alloc_box) for rt_alloc_box
    rt_timer.o(i.rt_tmr_create) refers to rtx_conf_cm.o(.data) for m_tmr
    rt_timer.o(i.rt_tmr_create) refers to rt_timer.o(.data) for .data
    rt_timer.o(i.rt_tmr_kill) refers to rt_membox.o(i.rt_free_box) for rt_free_box
    rt_timer.o(i.rt_tmr_kill) refers to rt_timer.o(.data) for .data
    rt_timer.o(i.rt_tmr_kill) refers to rtx_conf_cm.o(.data) for m_tmr
    rt_timer.o(i.rt_tmr_tick) refers to rtx_conf_cm.o(.text) for os_tmr_call
    rt_timer.o(i.rt_tmr_tick) refers to rt_membox.o(i.rt_free_box) for rt_free_box
    rt_timer.o(i.rt_tmr_tick) refers to rt_timer.o(.data) for .data
    rt_timer.o(i.rt_tmr_tick) refers to rtx_conf_cm.o(.data) for m_tmr
    entry.o(.ARM.Collect$$$$00000000) refers (Special) to entry7b.o(.ARM.Collect$$$$00000008) for _main_clock
    entry.o(.ARM.Collect$$$$00000000) refers (Special) to entry8.o(.ARM.Collect$$$$00000009) for _main_init
    entry.o(.ARM.Collect$$$$00000000) refers (Special) to entry5.o(.ARM.Collect$$$$00000004) for _main_scatterload
    entry.o(.ARM.Collect$$$$00000000) refers (Special) to entry2.o(.ARM.Collect$$$$00000001) for _main_stk
    uldiv.o(.text) refers to llushr.o(.text) for __aeabi_llsr
    uldiv.o(.text) refers to llshl.o(.text) for __aeabi_llsl
    rand.o(.text) refers to rand.o(.data) for .data
    malloc.o(i.free) refers to mvars.o(.data) for __microlib_freelist
    malloc.o(i.malloc) refers to mvars.o(.data) for __microlib_freelist_initialised
    malloc.o(i.malloc) refers to mvars.o(.data) for __microlib_freelist
    malloc.o(i.malloc) refers to startup_lpc17xx.o(HEAP) for __heap_base
    mallocr.o(i.__free$realloc) refers to mvars.o(.data) for __microlib_freelist
    mallocr.o(i.__malloc$realloc) refers to mallocr.o(i.internal_alloc) for internal_alloc
    mallocr.o(i.__malloc$realloc) refers to mvars.o(.data) for __microlib_freelist_initialised
    mallocr.o(i.__malloc$realloc) refers to startup_lpc17xx.o(HEAP) for __heap_base
    mallocr.o(i.__malloc$realloc) refers to mvars.o(.data) for __microlib_freelist
    mallocr.o(i.internal_alloc) refers to memcpya.o(.text) for __aeabi_memcpy
    mallocr.o(i.internal_alloc) refers to mvars.o(.data) for __microlib_freelist
    mallocr.o(i.realloc) refers to mallocr.o(i.__free$realloc) for __free$realloc
    mallocr.o(i.realloc) refers to mallocr.o(i.internal_alloc) for internal_alloc
    mallocr.o(i.realloc) refers to mallocr.o(i.__malloc$realloc) for __malloc$realloc
    mallocr.o(i.realloc) refers to mvars.o(.data) for __microlib_freelist
    malloca.o(i.__aligned_malloc) refers to mvars.o(.data) for __microlib_freelist_initialised
    malloca.o(i.__aligned_malloc) refers to mvars.o(.data) for __microlib_freelist
    malloca.o(i.__aligned_malloc) refers to startup_lpc17xx.o(HEAP) for __heap_base
    malloca.o(i.__free$memalign) refers to mvars.o(.data) for __microlib_freelist
    malloca.o(i.__malloc$memalign) refers to malloca.o(i.__aligned_malloc) for __aligned_malloc
    mallocra.o(i.__aligned_malloc$realloc) refers to mallocra.o(i.internal_alloc) for internal_alloc
    mallocra.o(i.__aligned_malloc$realloc) refers to mvars.o(.data) for __microlib_freelist_initialised
    mallocra.o(i.__aligned_malloc$realloc) refers to startup_lpc17xx.o(HEAP) for __heap_base
    mallocra.o(i.__aligned_malloc$realloc) refers to mvars.o(.data) for __microlib_freelist
    mallocra.o(i.__free$realloc$memalign) refers to mvars.o(.data) for __microlib_freelist
    mallocra.o(i.__malloc$realloc$memalign) refers to mallocra.o(i.__aligned_malloc$realloc) for __aligned_malloc$realloc
    mallocra.o(i.__realloc$memalign) refers to mallocra.o(i.__free$realloc$memalign) for __free$realloc$memalign
    mallocra.o(i.__realloc$memalign) refers to mallocra.o(i.internal_alloc) for internal_alloc
    mallocra.o(i.__realloc$memalign) refers to mallocra.o(i.__malloc$realloc$memalign) for __malloc$realloc$memalign
    mallocra.o(i.__realloc$memalign) refers to mvars.o(.data) for __microlib_freelist
    mallocra.o(i.internal_alloc) refers to memcpya.o(.text) for __aeabi_memcpy
    mallocra.o(i.internal_alloc) refers to mvars.o(.data) for __microlib_freelist
    dflti.o(.text) refers (Special) to iusefp.o(.text) for __I$use$fp
    dflti.o(.text) refers to depilogue.o(.text) for _double_epilogue
    cdcmple.o(.text) refers (Special) to iusefp.o(.text) for __I$use$fp
    entry2.o(.ARM.Collect$$$$00000001) refers to entry2.o(.ARM.Collect$$$$00002712) for __lit__00000000
    entry2.o(.ARM.Collect$$$$00002712) refers to startup_lpc17xx.o(STACK) for __initial_sp
    entry2.o(__vectab_stack_and_reset_area) refers to startup_lpc17xx.o(STACK) for __initial_sp
    entry2.o(__vectab_stack_and_reset_area) refers to entry.o(.ARM.Collect$$$$00000000) for __main
    entry5.o(.ARM.Collect$$$$00000004) refers to init.o(.text) for __scatterload
    entry8.o(.ARM.Collect$$$$00000009) refers to main.o(.text) for main
    depilogue.o(.text) refers to llshl.o(.text) for __aeabi_llsl
    depilogue.o(.text) refers to llushr.o(.text) for __aeabi_llsr
    init.o(.text) refers to entry5.o(.ARM.Collect$$$$00000004) for __main_after_scatterload


==============================================================================

Removing Unused input sections from the image.

    Removing system_lpc17xx.o(.rev16_text), (4 bytes).
    Removing system_lpc17xx.o(.revsh_text), (4 bytes).
    Removing retarget.o(.text), (160 bytes).
    Removing retarget.o(.data), (12 bytes).
    Removing uart.o(.rev16_text), (4 bytes).
    Removing uart.o(.revsh_text), (4 bytes).
    Removing main.o(.rev16_text), (4 bytes).
    Removing main.o(.revsh_text), (4 bytes).
    Removing glcd_spi_lpc1700.o(.rev16_text), (4 bytes).
    Removing glcd_spi_lpc1700.o(.revsh_text), (4 bytes).
    Removing kbd.o(.rev16_text), (4 bytes).
    Removing kbd.o(.revsh_text), (4 bytes).
    Removing kbd.o(.data), (8 bytes).
    Removing led.o(.rev16_text), (4 bytes).
    Removing led.o(.revsh_text), (4 bytes).
    Removing rt_task.o(i.rt_tsk_pass), (48 bytes).
    Removing rt_task.o(i.rt_tsk_self), (16 bytes).
    Removing rt_time.o(i.rt_itv_set), (24 bytes).
    Removing rt_time.o(i.rt_itv_wait), (44 bytes).
    Removing rt_time.o(i.rt_time_get), (12 bytes).
    Removing rt_system.o(.emb_text), (0 bytes).
    Removing rt_system.o(i.rt_psh_req), (32 bytes).
    Removing rt_system.o(i.rt_resume), (176 bytes).
    Removing rt_system.o(i.rt_suspend), (44 bytes).
    Removing rt_system.o(i.rt_tsk_lock), (80 bytes).
    Removing rt_system.o(i.rt_tsk_unlock), (80 bytes).
    Removing rt_list.o(i.rt_get_same_rdy_prio), (36 bytes).
    Removing rt_list.o(i.rt_psq_enq), (88 bytes).
    Removing rt_membox.o(i._calloc_box), (30 bytes).
    Removing rt_event.o(i.isr_evt_set), (40 bytes).
    Removing rt_event.o(i.rt_evt_clr), (28 bytes).
    Removing rt_event.o(i.rt_evt_get), (12 bytes).
    Removing rt_event.o(i.rt_evt_set), (96 bytes).
    Removing rt_event.o(i.rt_evt_wait), (64 bytes).
    Removing rt_mailbox.o(i.isr_mbx_receive), (84 bytes).
    Removing rt_mailbox.o(i.isr_mbx_send), (14 bytes).
    Removing rt_mailbox.o(i.rt_mbx_check), (8 bytes).
    Removing rt_mailbox.o(i.rt_mbx_init), (26 bytes).
    Removing rt_mailbox.o(i.rt_mbx_send), (160 bytes).
    Removing rt_mailbox.o(i.rt_mbx_wait), (184 bytes).
    Removing rt_semaphore.o(i.isr_sem_send), (16 bytes).
    Removing rt_semaphore.o(i.rt_sem_init), (12 bytes).
    Removing rt_semaphore.o(i.rt_sem_send), (56 bytes).
    Removing rt_semaphore.o(i.rt_sem_wait), (60 bytes).
    Removing rt_timer.o(i.rt_tmr_create), (80 bytes).
    Removing rt_timer.o(i.rt_tmr_kill), (52 bytes).

46 unused section(s) (total 1930 bytes) removed from the image.

==============================================================================

Image Symbol Table

    Local Symbols

    Symbol Name                              Value     Ov Type        Size  Object(Section)

    RESET                                    0x00000000   Section      204  startup_lpc17xx.o(RESET)
    ../clib/../cmprslib/zerorunl2.c          0x00000000   Number         0  __dczerorl2.o ABSOLUTE
    ../clib/microlib/division.c              0x00000000   Number         0  uldiv.o ABSOLUTE
    ../clib/microlib/init/entry.s            0x00000000   Number         0  entry8.o ABSOLUTE
    ../clib/microlib/init/entry.s            0x00000000   Number         0  entry2.o ABSOLUTE
    ../clib/microlib/init/entry.s            0x00000000   Number         0  entry5.o ABSOLUTE
    ../clib/microlib/init/entry.s            0x00000000   Number         0  entry7a.o ABSOLUTE
    ../clib/microlib/init/entry.s            0x00000000   Number         0  entry7b.o ABSOLUTE
    ../clib/microlib/init/entry.s            0x00000000   Number         0  entry.o ABSOLUTE
    ../clib/microlib/longlong.c              0x00000000   Number         0  llushr.o ABSOLUTE
    ../clib/microlib/longlong.c              0x00000000   Number         0  llshl.o ABSOLUTE
    ../clib/microlib/malloc/malloc.c         0x00000000   Number         0  malloca.o ABSOLUTE
    ../clib/microlib/malloc/malloc.c         0x00000000   Number         0  mallocra.o ABSOLUTE
    ../clib/microlib/malloc/malloc.c         0x00000000   Number         0  malloc.o ABSOLUTE
    ../clib/microlib/malloc/malloc.c         0x00000000   Number         0  mallocr.o ABSOLUTE
    ../clib/microlib/malloc/mvars.c          0x00000000   Number         0  mvars.o ABSOLUTE
    ../clib/microlib/stdlib/rand.c           0x00000000   Number         0  rand.o ABSOLUTE
    ../clib/microlib/string/memcpy.c         0x00000000   Number         0  memcpya.o ABSOLUTE
    ../clib/microlib/string/memcpy.c         0x00000000   Number         0  memcpyb.o ABSOLUTE
    ../clib/microlib/stubs.s                 0x00000000   Number         0  iusefp.o ABSOLUTE
    ../fplib/microlib/fpepilogue.c           0x00000000   Number         0  depilogue.o ABSOLUTE
    ../fplib/microlib/fpflt.c                0x00000000   Number         0  dflti.o ABSOLUTE
    C:\Software\Keil\ARM\Startup\NXP\LPC17xx\system_LPC17xx.c 0x00000000   Number         0  system_lpc17xx.o ABSOLUTE
    C:\\Software\\Keil\\ARM\\Startup\\NXP\\LPC17xx\\system_LPC17xx.c 0x00000000   Number         0  system_lpc17xx.o ABSOLUTE
    GLCD_SPI_LPC1700.c                       0x00000000   Number         0  glcd_spi_lpc1700.o ABSOLUTE
    GLCD_SPI_LPC1700.c                       0x00000000   Number         0  glcd_spi_lpc1700.o ABSOLUTE
    KBD.c                                    0x00000000   Number         0  kbd.o ABSOLUTE
    KBD.c                                    0x00000000   Number         0  kbd.o ABSOLUTE
    LED.c                                    0x00000000   Number         0  led.o ABSOLUTE
    LED.c                                    0x00000000   Number         0  led.o ABSOLUTE
    RTX_Conf_CM.c                            0x00000000   Number         0  rtx_conf_cm.o ABSOLUTE
    Retarget.c                               0x00000000   Number         0  retarget.o ABSOLUTE
    SRC\CM\HAL_CM3.c                         0x00000000   Number         0  hal_cm3.o ABSOLUTE
    SRC\CM\SVC_Table.s                       0x00000000   Number         0  SVC_Table.o ABSOLUTE
    SRC\CM\rt_Event.c                        0x00000000   Number         0  rt_event.o ABSOLUTE
    SRC\CM\rt_List.c                         0x00000000   Number         0  rt_list.o ABSOLUTE
    SRC\CM\rt_Mailbox.c                      0x00000000   Number         0  rt_mailbox.o ABSOLUTE
    SRC\CM\rt_MemBox.c                       0x00000000   Number         0  rt_membox.o ABSOLUTE
    SRC\CM\rt_Mutex.c                        0x00000000   Number         0  rt_mutex.o ABSOLUTE
    SRC\CM\rt_Robin.c                        0x00000000   Number         0  rt_robin.o ABSOLUTE
    SRC\CM\rt_Semaphore.c                    0x00000000   Number         0  rt_semaphore.o ABSOLUTE
    SRC\CM\rt_System.c                       0x00000000   Number         0  rt_system.o ABSOLUTE
    SRC\CM\rt_Task.c                         0x00000000   Number         0  rt_task.o ABSOLUTE
    SRC\CM\rt_Time.c                         0x00000000   Number         0  rt_time.o ABSOLUTE
    SRC\CM\rt_Timer.c                        0x00000000   Number         0  rt_timer.o ABSOLUTE
    SRC\\CM\\HAL_CM3.c                       0x00000000   Number         0  hal_cm3.o ABSOLUTE
    SRC\\CM\\rt_System.c                     0x00000000   Number         0  rt_system.o ABSOLUTE
    cdcmple.s                                0x00000000   Number         0  cdcmple.o ABSOLUTE
    dc.s                                     0x00000000   Number         0  dc.o ABSOLUTE
    handlers.s                               0x00000000   Number         0  handlers.o ABSOLUTE
    init.s                                   0x00000000   Number         0  init.o ABSOLUTE
    main.c                                   0x00000000   Number         0  main.o ABSOLUTE
    main.c                                   0x00000000   Number         0  main.o ABSOLUTE
    startup_LPC17xx.s                        0x00000000   Number         0  startup_lpc17xx.o ABSOLUTE
    uart.c                                   0x00000000   Number         0  uart.o ABSOLUTE
    uart.c                                   0x00000000   Number         0  uart.o ABSOLUTE
    .ARM.Collect$$$$00000000                 0x000000cc   Section        0  entry.o(.ARM.Collect$$$$00000000)
    .ARM.Collect$$$$00000001                 0x000000cc   Section        4  entry2.o(.ARM.Collect$$$$00000001)
    .ARM.Collect$$$$00000004                 0x000000d0   Section        4  entry5.o(.ARM.Collect$$$$00000004)
    .ARM.Collect$$$$00000008                 0x000000d4   Section        0  entry7b.o(.ARM.Collect$$$$00000008)
    .ARM.Collect$$$$00000009                 0x000000d4   Section        8  entry8.o(.ARM.Collect$$$$00000009)
    .ARM.Collect$$$$00002712                 0x000000dc   Section        4  entry2.o(.ARM.Collect$$$$00002712)
    __lit__00000000                          0x000000dc   Data           4  entry2.o(.ARM.Collect$$$$00002712)
    .emb_text                                0x000000e0   Section      340  hal_cm3.o(.emb_text)
    .text                                    0x00000234   Section       36  startup_lpc17xx.o(.text)
    .text                                    0x00000258   Section        0  rtx_conf_cm.o(.text)
    .text                                    0x00000264   Section        0  kbd.o(.text)
    .text                                    0x000002b8   Section        0  rand.o(.text)
    .text                                    0x000002dc   Section        0  llshl.o(.text)
    .text                                    0x000002fa   Section        0  iusefp.o(.text)
    i.__scatterload_null                     0x000002fa   Section        2  handlers.o(i.__scatterload_null)
    .ARM.__at_0x02FC                         0x000002fc   Section        4  startup_lpc17xx.o(.ARM.__at_0x02FC)
    .text                                    0x00000300   Section        0  system_lpc17xx.o(.text)
    .text                                    0x00000618   Section        0  uart.o(.text)
    NVIC_EnableIRQ                           0x00000971   Thumb Code    24  uart.o(.text)
    .text                                    0x000009c4   Section        0  main.o(.text)
    .text                                    0x00000fac   Section        0  glcd_spi_lpc1700.o(.text)
    delay                                    0x00000fad   Thumb Code    14  glcd_spi_lpc1700.o(.text)
    spi_tran_man                             0x00000fbb   Thumb Code   124  glcd_spi_lpc1700.o(.text)
    wr_cmd                                   0x00001037   Thumb Code    36  glcd_spi_lpc1700.o(.text)
    wr_dat                                   0x0000105b   Thumb Code    36  glcd_spi_lpc1700.o(.text)
    rd_reg                                   0x0000107f   Thumb Code    66  glcd_spi_lpc1700.o(.text)
    rd_id_man                                0x000010c1   Thumb Code   132  glcd_spi_lpc1700.o(.text)
    spi_tran                                 0x00001b41   Thumb Code    26  glcd_spi_lpc1700.o(.text)
    wr_dat_start                             0x00001b5b   Thumb Code    16  glcd_spi_lpc1700.o(.text)
    wr_dat_stop                              0x00001b6b   Thumb Code     8  glcd_spi_lpc1700.o(.text)
    wr_dat_only                              0x00001b73   Thumb Code    18  glcd_spi_lpc1700.o(.text)
    wr_reg                                   0x00001b85   Thumb Code    20  glcd_spi_lpc1700.o(.text)
    .text                                    0x00001bb4   Section        0  led.o(.text)
    .text                                    0x00001c60   Section        0  uldiv.o(.text)
    .text                                    0x00001cc2   Section        0  memcpya.o(.text)
    .text                                    0x00001ce6   Section        0  dflti.o(.text)
    .text                                    0x00001d08   Section       40  cdcmple.o(.text)
    .text                                    0x00001d30   Section        0  llushr.o(.text)
    .text                                    0x00001d50   Section        0  depilogue.o(.text)
    .text                                    0x00001e10   Section       36  init.o(.text)
    .text                                    0x00001e34   Section        0  __dczerorl2.o(.text)
    SVC_TABLE                                0x00001e90   Section        4  SVC_Table.o(SVC_TABLE)
    i.__scatterload_copy                     0x00001e94   Section       14  handlers.o(i.__scatterload_copy)
    i.__scatterload_zeroinit                 0x00001ea2   Section       14  handlers.o(i.__scatterload_zeroinit)
    i._init_box                              0x00001eb0   Section        0  rt_membox.o(i._init_box)
    i.dbg_init                               0x00001ef8   Section        0  hal_cm3.o(i.dbg_init)
    i.dbg_task_notify                        0x00001f28   Section        0  hal_cm3.o(i.dbg_task_notify)
    i.dbg_task_switch                        0x00001f48   Section        0  hal_cm3.o(i.dbg_task_switch)
    i.free                                   0x00001f58   Section        0  malloc.o(i.free)
    i.malloc                                 0x00001fa8   Section        0  malloc.o(i.malloc)
    i.os_tick_init                           0x00002014   Section        0  rt_system.o(i.os_tick_init)
    i.os_tick_irqack                         0x0000203c   Section        0  rt_system.o(i.os_tick_irqack)
    i.rt_alloc_box                           0x0000203e   Section        0  rt_membox.o(i.rt_alloc_box)
    i.rt_block                               0x00002058   Section        0  rt_task.o(i.rt_block)
    i.rt_chk_robin                           0x00002090   Section        0  rt_robin.o(i.rt_chk_robin)
    i.rt_dec_dly                             0x000020d8   Section        0  rt_list.o(i.rt_dec_dly)
    i.rt_dispatch                            0x0000214c   Section        0  rt_task.o(i.rt_dispatch)
    i.rt_dly_wait                            0x00002190   Section        0  rt_time.o(i.rt_dly_wait)
    i.rt_evt_psh                             0x00002198   Section        0  rt_event.o(i.rt_evt_psh)
    i.rt_free_box                            0x000021e4   Section        0  rt_membox.o(i.rt_free_box)
    i.rt_get_first                           0x00002204   Section        0  rt_list.o(i.rt_get_first)
    i.rt_init_context                        0x0000222c   Section        0  rt_task.o(i.rt_init_context)
    rt_init_context                          0x0000222d   Thumb Code    64  rt_task.o(i.rt_init_context)
    i.rt_init_robin                          0x00002270   Section        0  rt_robin.o(i.rt_init_robin)
    i.rt_init_stack                          0x00002288   Section        0  hal_cm3.o(i.rt_init_stack)
    i.rt_mbx_psh                             0x000022d8   Section        0  rt_mailbox.o(i.rt_mbx_psh)
    i.rt_mut_init                            0x00002398   Section        0  rt_mutex.o(i.rt_mut_init)
    i.rt_mut_release                         0x000023a8   Section        0  rt_mutex.o(i.rt_mut_release)
    i.rt_mut_wait                            0x00002454   Section        0  rt_mutex.o(i.rt_mut_wait)
    i.rt_pop_req                             0x000024b8   Section        0  rt_system.o(i.rt_pop_req)
    i.rt_put_dly                             0x00002530   Section        0  rt_list.o(i.rt_put_dly)
    i.rt_put_prio                            0x00002578   Section        0  rt_list.o(i.rt_put_prio)
    i.rt_put_rdy_first                       0x000025b0   Section        0  rt_list.o(i.rt_put_rdy_first)
    i.rt_resort_prio                         0x000025c4   Section        0  rt_list.o(i.rt_resort_prio)
    i.rt_rmv_dly                             0x000025f8   Section        0  rt_list.o(i.rt_rmv_dly)
    i.rt_rmv_list                            0x00002620   Section        0  rt_list.o(i.rt_rmv_list)
    i.rt_sem_psh                             0x00002650   Section        0  rt_semaphore.o(i.rt_sem_psh)
    i.rt_stk_check                           0x00002684   Section        0  rt_system.o(i.rt_stk_check)
    i.rt_switch_req                          0x000026a8   Section        0  rt_task.o(i.rt_switch_req)
    i.rt_sys_init                            0x000026d0   Section        0  rt_task.o(i.rt_sys_init)
    i.rt_systick                             0x00002828   Section        0  rt_system.o(i.rt_systick)
    i.rt_tmr_tick                            0x00002864   Section        0  rt_timer.o(i.rt_tmr_tick)
    i.rt_tsk_create                          0x000028a4   Section        0  rt_task.o(i.rt_tsk_create)
    i.rt_tsk_delete                          0x00002938   Section        0  rt_task.o(i.rt_tsk_delete)
    i.rt_tsk_prio                            0x000029f4   Section        0  rt_task.o(i.rt_tsk_prio)
    .constdata                               0x00002a74   Section      600  main.o(.constdata)
    .constdata                               0x00002ccc   Section       40  rtx_conf_cm.o(.constdata)
    __tagsym$$used                           0x00002ce0   Number         0  rtx_conf_cm.o(.constdata)
    __tagsym$$used                           0x00002ce4   Number         0  rtx_conf_cm.o(.constdata)
    .constdata                               0x00002cf4   Section     6272  glcd_spi_lpc1700.o(.constdata)
    .constdata                               0x00004574   Section       32  led.o(.constdata)
    .data                                    0x10000000   Section        4  system_lpc17xx.o(.data)
    .data                                    0x10000004   Section       32  uart.o(.data)
    .data                                    0x10000024   Section      416  main.o(.data)
    .data                                    0x100001c4   Section        4  rtx_conf_cm.o(.data)
    .data                                    0x100001c8   Section        9  glcd_spi_lpc1700.o(.data)
    Color                                    0x100001c8   Data           4  glcd_spi_lpc1700.o(.data)
    y                                        0x100001cc   Data           4  glcd_spi_lpc1700.o(.data)
    Himax                                    0x100001d0   Data           1  glcd_spi_lpc1700.o(.data)
    .data                                    0x100001d4   Section        8  rt_task.o(.data)
    .data                                    0x100001dc   Section        4  rt_time.o(.data)
    .data                                    0x100001e0   Section        1  hal_cm3.o(.data)
    .data                                    0x100001e4   Section        8  rt_system.o(.data)
    os_lock                                  0x100001e4   Data           1  rt_system.o(.data)
    os_psh_flag                              0x100001e5   Data           1  rt_system.o(.data)
    pend_flags                               0x100001e6   Data           1  rt_system.o(.data)
    .data                                    0x100001ec   Section        8  rt_robin.o(.data)
    .data                                    0x100001f4   Section        8  rt_timer.o(.data)
    .data                                    0x100001fc   Section        4  rand.o(.data)
    _rand_state                              0x100001fc   Data           4  rand.o(.data)
    .data                                    0x10000200   Section        4  mvars.o(.data)
    .data                                    0x10000204   Section        4  mvars.o(.data)
    .bss                                     0x10000208   Section      128  uart.o(.bss)
    .bss                                     0x10000288   Section       56  main.o(.bss)
    .bss                                     0x100002c0   Section    18160  rtx_conf_cm.o(.bss)
    .bss                                     0x100049b0   Section       48  rt_task.o(.bss)
    .bss                                     0x100049e0   Section       48  rt_list.o(.bss)
    HEAP                                     0x10004a10   Section     4096  startup_lpc17xx.o(HEAP)
    STACK                                    0x10005a10   Section     4096  startup_lpc17xx.o(STACK)

    Global Symbols

    Symbol Name                              Value     Ov Type        Size  Object(Section)

    BuildAttributes$$THM_ISAv4$P$D$K$B$S$PE$A:L22UL41UL21$X:L11$S22US41US21$IEEE1$IW$USESV6$~STKCKD$USESV7$~SHL$OSPACE$ROPI$EBA8$MICROLIB$REQ8$PRES8$EABIv2 0x00000000   Number         0  anon$$obj.o ABSOLUTE
    __ARM_use_no_argv                        0x00000000   Number         0  main.o ABSOLUTE
    __Vectors                                0x00000000   Data           4  startup_lpc17xx.o(RESET)
    _clock_init                               - Undefined Weak Reference
    __main                                   0x000000cd   Thumb Code     0  entry.o(.ARM.Collect$$$$00000000)
    _main_stk                                0x000000cd   Thumb Code     0  entry2.o(.ARM.Collect$$$$00000001)
    _main_scatterload                        0x000000d1   Thumb Code     0  entry5.o(.ARM.Collect$$$$00000004)
    __main_after_scatterload                 0x000000d5   Thumb Code     0  entry5.o(.ARM.Collect$$$$00000004)
    _main_clock                              0x000000d5   Thumb Code     0  entry7b.o(.ARM.Collect$$$$00000008)
    _main_init                               0x000000d5   Thumb Code     0  entry8.o(.ARM.Collect$$$$00000009)
    rt_set_PSP                               0x000000e1   Thumb Code     6  hal_cm3.o(.emb_text)
    rt_get_PSP                               0x000000e7   Thumb Code     6  hal_cm3.o(.emb_text)
    os_set_env                               0x000000ed   Thumb Code    24  hal_cm3.o(.emb_text)
    _alloc_box                               0x00000109   Thumb Code    28  hal_cm3.o(.emb_text)
    _free_box                                0x00000129   Thumb Code    28  hal_cm3.o(.emb_text)
    SVC_Handler                              0x00000149   Thumb Code   124  hal_cm3.o(.emb_text)
    PendSV_Handler                           0x000001d1   Thumb Code    76  hal_cm3.o(.emb_text)
    SysTick_Handler                          0x00000221   Thumb Code     8  hal_cm3.o(.emb_text)
    OS_Tick_Handler                          0x00000229   Thumb Code    12  hal_cm3.o(.emb_text)
    Reset_Handler                            0x00000235   Thumb Code     8  startup_lpc17xx.o(.text)
    NMI_Handler                              0x0000023d   Thumb Code     2  startup_lpc17xx.o(.text)
    HardFault_Handler                        0x0000023f   Thumb Code     2  startup_lpc17xx.o(.text)
    MemManage_Handler                        0x00000241   Thumb Code     2  startup_lpc17xx.o(.text)
    BusFault_Handler                         0x00000243   Thumb Code     2  startup_lpc17xx.o(.text)
    UsageFault_Handler                       0x00000245   Thumb Code     2  startup_lpc17xx.o(.text)
    DebugMon_Handler                         0x00000249   Thumb Code     2  startup_lpc17xx.o(.text)
    ADC_IRQHandler                           0x0000024f   Thumb Code     0  startup_lpc17xx.o(.text)
    BOD_IRQHandler                           0x0000024f   Thumb Code     0  startup_lpc17xx.o(.text)
    CANActivity_IRQHandler                   0x0000024f   Thumb Code     0  startup_lpc17xx.o(.text)
    CAN_IRQHandler                           0x0000024f   Thumb Code     0  startup_lpc17xx.o(.text)
    DMA_IRQHandler                           0x0000024f   Thumb Code     0  startup_lpc17xx.o(.text)
    EINT0_IRQHandler                         0x0000024f   Thumb Code     0  startup_lpc17xx.o(.text)
    EINT1_IRQHandler                         0x0000024f   Thumb Code     0  startup_lpc17xx.o(.text)
    EINT2_IRQHandler                         0x0000024f   Thumb Code     0  startup_lpc17xx.o(.text)
    EINT3_IRQHandler                         0x0000024f   Thumb Code     0  startup_lpc17xx.o(.text)
    ENET_IRQHandler                          0x0000024f   Thumb Code     0  startup_lpc17xx.o(.text)
    I2C0_IRQHandler                          0x0000024f   Thumb Code     0  startup_lpc17xx.o(.text)
    I2C1_IRQHandler                          0x0000024f   Thumb Code     0  startup_lpc17xx.o(.text)
    I2C2_IRQHandler                          0x0000024f   Thumb Code     0  startup_lpc17xx.o(.text)
    I2S_IRQHandler                           0x0000024f   Thumb Code     0  startup_lpc17xx.o(.text)
    MCPWM_IRQHandler                         0x0000024f   Thumb Code     0  startup_lpc17xx.o(.text)
    PLL0_IRQHandler                          0x0000024f   Thumb Code     0  startup_lpc17xx.o(.text)
    PLL1_IRQHandler                          0x0000024f   Thumb Code     0  startup_lpc17xx.o(.text)
    PWM1_IRQHandler                          0x0000024f   Thumb Code     0  startup_lpc17xx.o(.text)
    QEI_IRQHandler                           0x0000024f   Thumb Code     0  startup_lpc17xx.o(.text)
    RIT_IRQHandler                           0x0000024f   Thumb Code     0  startup_lpc17xx.o(.text)
    RTC_IRQHandler                           0x0000024f   Thumb Code     0  startup_lpc17xx.o(.text)
    SPI_IRQHandler                           0x0000024f   Thumb Code     0  startup_lpc17xx.o(.text)
    SSP0_IRQHandler                          0x0000024f   Thumb Code     0  startup_lpc17xx.o(.text)
    SSP1_IRQHandler                          0x0000024f   Thumb Code     0  startup_lpc17xx.o(.text)
    TIMER0_IRQHandler                        0x0000024f   Thumb Code     0  startup_lpc17xx.o(.text)
    TIMER1_IRQHandler                        0x0000024f   Thumb Code     0  startup_lpc17xx.o(.text)
    TIMER2_IRQHandler                        0x0000024f   Thumb Code     0  startup_lpc17xx.o(.text)
    TIMER3_IRQHandler                        0x0000024f   Thumb Code     0  startup_lpc17xx.o(.text)
    UART2_IRQHandler                         0x0000024f   Thumb Code     0  startup_lpc17xx.o(.text)
    UART3_IRQHandler                         0x0000024f   Thumb Code     0  startup_lpc17xx.o(.text)
    USBActivity_IRQHandler                   0x0000024f   Thumb Code     0  startup_lpc17xx.o(.text)
    USB_IRQHandler                           0x0000024f   Thumb Code     0  startup_lpc17xx.o(.text)
    WDT_IRQHandler                           0x0000024f   Thumb Code     0  startup_lpc17xx.o(.text)
    os_idle_demon                            0x00000259   Thumb Code     4  rtx_conf_cm.o(.text)
    os_tmr_call                              0x0000025d   Thumb Code     2  rtx_conf_cm.o(.text)
    os_error                                 0x0000025f   Thumb Code     4  rtx_conf_cm.o(.text)
    KBD_Init                                 0x00000265   Thumb Code    50  kbd.o(.text)
    KBD_Get                                  0x00000297   Thumb Code    12  kbd.o(.text)
    INT0_Get                                 0x000002a3   Thumb Code    10  kbd.o(.text)
    rand                                     0x000002b9   Thumb Code    20  rand.o(.text)
    srand                                    0x000002cd   Thumb Code     6  rand.o(.text)
    __aeabi_llsl                             0x000002dd   Thumb Code    30  llshl.o(.text)
    _ll_shift_l                              0x000002dd   Thumb Code     0  llshl.o(.text)
    __I$use$fp                               0x000002fb   Thumb Code     0  iusefp.o(.text)
    __scatterload_null                       0x000002fb   Thumb Code     2  handlers.o(i.__scatterload_null)
    SystemCoreClockUpdate                    0x00000301   Thumb Code   424  system_lpc17xx.o(.text)
    __RL_RTX_VER                             0x00000460   Number         0  rt_system.o ABSOLUTE
    SystemInit                               0x000004a9   Thumb Code   290  system_lpc17xx.o(.text)
    Free                                     0x00000619   Thumb Code     6  uart.o(.text)
    Lock                                     0x0000061f   Thumb Code    28  uart.o(.text)
    LockRcv                                  0x0000063b   Thumb Code    28  uart.o(.text)
    LockSnd                                  0x00000657   Thumb Code    28  uart.o(.text)
    FreeRcv                                  0x00000673   Thumb Code    28  uart.o(.text)
    FreeSnd                                  0x0000068f   Thumb Code    28  uart.o(.text)
    UART0_IRQHandler                         0x000006ab   Thumb Code    86  uart.o(.text)
    UART1_IRQHandler                         0x00000701   Thumb Code    88  uart.o(.text)
    getFrequency                             0x00000759   Thumb Code    64  uart.o(.text)
    UARTInit                                 0x00000799   Thumb Code   176  uart.o(.text)
    UARTSend                                 0x00000849   Thumb Code   112  uart.o(.text)
    UARTSendChar                             0x000008b9   Thumb Code    24  uart.o(.text)
    UARTRecieve                              0x000008d1   Thumb Code   134  uart.o(.text)
    UARTReceiveChar                          0x00000957   Thumb Code    26  uart.o(.text)
    move                                     0x000009c5   Thumb Code   132  main.o(.text)
    display                                  0x00000a49   Thumb Code    74  main.o(.text)
    clear_tail                               0x00000a93   Thumb Code    30  main.o(.text)
    is_out                                   0x00000ab1   Thumb Code    36  main.o(.text)
    is_collision                             0x00000ad5   Thumb Code    56  main.o(.text)
    clear_spot                               0x00000b0d   Thumb Code    38  main.o(.text)
    spawn_food                               0x00000b33   Thumb Code    48  main.o(.text)
    grow_snake                               0x00000b63   Thumb Code    54  main.o(.text)
    cut_snake                                0x00000b99   Thumb Code    66  main.o(.text)
    eat                                      0x00000bdb   Thumb Code    80  main.o(.text)
    get_inputs                               0x00000c2b   Thumb Code    84  main.o(.text)
    display_task                             0x00000c7f   Thumb Code   142  main.o(.text)
    base_task                                0x00000d0d   Thumb Code    88  main.o(.text)
    manager                                  0x00000d65   Thumb Code   280  main.o(.text)
    main                                     0x00000e7d   Thumb Code   298  main.o(.text)
    GLCD_Init                                0x00001145   Thumb Code  1514  glcd_spi_lpc1700.o(.text)
    GLCD_SetWindow                           0x0000172f   Thumb Code   168  glcd_spi_lpc1700.o(.text)
    GLCD_WindowMax                           0x000017d7   Thumb Code    26  glcd_spi_lpc1700.o(.text)
    GLCD_PutPixel                            0x000017f1   Thumb Code   118  glcd_spi_lpc1700.o(.text)
    GLCD_SetTextColor                        0x00001867   Thumb Code     6  glcd_spi_lpc1700.o(.text)
    GLCD_SetBackColor                        0x0000186d   Thumb Code     6  glcd_spi_lpc1700.o(.text)
    GLCD_Clear                               0x00001873   Thumb Code    42  glcd_spi_lpc1700.o(.text)
    GLCD_DrawChar                            0x0000189d   Thumb Code   150  glcd_spi_lpc1700.o(.text)
    GLCD_DisplayChar                         0x00001933   Thumb Code    84  glcd_spi_lpc1700.o(.text)
    GLCD_DisplayString                       0x00001987   Thumb Code    40  glcd_spi_lpc1700.o(.text)
    GLCD_ClearLn                             0x000019af   Thumb Code    94  glcd_spi_lpc1700.o(.text)
    GLCD_Bargraph                            0x00001a0d   Thumb Code    98  glcd_spi_lpc1700.o(.text)
    GLCD_Bitmap                              0x00001a6f   Thumb Code    82  glcd_spi_lpc1700.o(.text)
    GLCD_ScrollVertical                      0x00001ac1   Thumb Code   100  glcd_spi_lpc1700.o(.text)
    GLCD_WrCmd                               0x00001b25   Thumb Code    12  glcd_spi_lpc1700.o(.text)
    GLCD_WrReg                               0x00001b31   Thumb Code    16  glcd_spi_lpc1700.o(.text)
    LED_Init                                 0x00001bb5   Thumb Code    38  led.o(.text)
    LED_On                                   0x00001bdb   Thumb Code    40  led.o(.text)
    LED_Off                                  0x00001c03   Thumb Code    40  led.o(.text)
    LED_Out                                  0x00001c2b   Thumb Code    38  led.o(.text)
    __aeabi_uldivmod                         0x00001c61   Thumb Code    98  uldiv.o(.text)
    __aeabi_memcpy                           0x00001cc3   Thumb Code    36  memcpya.o(.text)
    __aeabi_memcpy4                          0x00001cc3   Thumb Code     0  memcpya.o(.text)
    __aeabi_memcpy8                          0x00001cc3   Thumb Code     0  memcpya.o(.text)
    __aeabi_i2d                              0x00001ce7   Thumb Code    34  dflti.o(.text)
    __aeabi_cdcmpeq                          0x00001d09   Thumb Code     0  cdcmple.o(.text)
    __aeabi_cdcmple                          0x00001d09   Thumb Code    38  cdcmple.o(.text)
    __aeabi_llsr                             0x00001d31   Thumb Code    32  llushr.o(.text)
    _ll_ushift_r                             0x00001d31   Thumb Code     0  llushr.o(.text)
    _double_round                            0x00001d51   Thumb Code    26  depilogue.o(.text)
    _double_epilogue                         0x00001d6b   Thumb Code   164  depilogue.o(.text)
    __scatterload                            0x00001e11   Thumb Code    28  init.o(.text)
    __scatterload_rt2                        0x00001e11   Thumb Code     0  init.o(.text)
    __decompress                             0x00001e35   Thumb Code     0  __dczerorl2.o(.text)
    __decompress1                            0x00001e35   Thumb Code    92  __dczerorl2.o(.text)
    SVC_Count                                0x00001e90   Data           4  SVC_Table.o(SVC_TABLE)
    SVC_Table                                0x00001e94   Data           0  SVC_Table.o(SVC_TABLE)
    __scatterload_copy                       0x00001e95   Thumb Code    14  handlers.o(i.__scatterload_copy)
    __scatterload_zeroinit                   0x00001ea3   Thumb Code    14  handlers.o(i.__scatterload_zeroinit)
    _init_box                                0x00001eb1   Thumb Code    70  rt_membox.o(i._init_box)
    dbg_init                                 0x00001ef9   Thumb Code    34  hal_cm3.o(i.dbg_init)
    dbg_task_notify                          0x00001f29   Thumb Code    32  hal_cm3.o(i.dbg_task_notify)
    dbg_task_switch                          0x00001f49   Thumb Code    16  hal_cm3.o(i.dbg_task_switch)
    free                                     0x00001f59   Thumb Code    76  malloc.o(i.free)
    malloc                                   0x00001fa9   Thumb Code    92  malloc.o(i.malloc)
    os_tick_init                             0x00002015   Thumb Code    32  rt_system.o(i.os_tick_init)
    os_tick_irqack                           0x0000203d   Thumb Code     2  rt_system.o(i.os_tick_irqack)
    rt_alloc_box                             0x0000203f   Thumb Code    26  rt_membox.o(i.rt_alloc_box)
    rt_block                                 0x00002059   Thumb Code    48  rt_task.o(i.rt_block)
    rt_chk_robin                             0x00002091   Thumb Code    60  rt_robin.o(i.rt_chk_robin)
    rt_dec_dly                               0x000020d9   Thumb Code   106  rt_list.o(i.rt_dec_dly)
    rt_dispatch                              0x0000214d   Thumb Code    60  rt_task.o(i.rt_dispatch)
    rt_dly_wait                              0x00002191   Thumb Code     6  rt_time.o(i.rt_dly_wait)
    rt_evt_psh                               0x00002199   Thumb Code    72  rt_event.o(i.rt_evt_psh)
    rt_free_box                              0x000021e5   Thumb Code    32  rt_membox.o(i.rt_free_box)
    rt_get_first                             0x00002205   Thumb Code    40  rt_list.o(i.rt_get_first)
    rt_init_robin                            0x00002271   Thumb Code    14  rt_robin.o(i.rt_init_robin)
    rt_init_stack                            0x00002289   Thumb Code    70  hal_cm3.o(i.rt_init_stack)
    rt_mbx_psh                               0x000022d9   Thumb Code   188  rt_mailbox.o(i.rt_mbx_psh)
    rt_mut_init                              0x00002399   Thumb Code    16  rt_mutex.o(i.rt_mut_init)
    rt_mut_release                           0x000023a9   Thumb Code   164  rt_mutex.o(i.rt_mut_release)
    rt_mut_wait                              0x00002455   Thumb Code    96  rt_mutex.o(i.rt_mut_wait)
    rt_pop_req                               0x000024b9   Thumb Code   106  rt_system.o(i.rt_pop_req)
    rt_put_dly                               0x00002531   Thumb Code    68  rt_list.o(i.rt_put_dly)
    rt_put_prio                              0x00002579   Thumb Code    54  rt_list.o(i.rt_put_prio)
    rt_put_rdy_first                         0x000025b1   Thumb Code    14  rt_list.o(i.rt_put_rdy_first)
    rt_resort_prio                           0x000025c5   Thumb Code    46  rt_list.o(i.rt_resort_prio)
    rt_rmv_dly                               0x000025f9   Thumb Code    40  rt_list.o(i.rt_rmv_dly)
    rt_rmv_list                              0x00002621   Thumb Code    44  rt_list.o(i.rt_rmv_list)
    rt_sem_psh                               0x00002651   Thumb Code    46  rt_semaphore.o(i.rt_sem_psh)
    rt_stk_check                             0x00002685   Thumb Code    28  rt_system.o(i.rt_stk_check)
    rt_switch_req                            0x000026a9   Thumb Code    30  rt_task.o(i.rt_switch_req)
    rt_sys_init                              0x000026d1   Thumb Code   266  rt_task.o(i.rt_sys_init)
    rt_systick                               0x00002829   Thumb Code    48  rt_system.o(i.rt_systick)
    rt_tmr_tick                              0x00002865   Thumb Code    56  rt_timer.o(i.rt_tmr_tick)
    rt_tsk_create                            0x000028a5   Thumb Code   126  rt_task.o(i.rt_tsk_create)
    rt_tsk_delete                            0x00002939   Thumb Code   162  rt_task.o(i.rt_tsk_delete)
    rt_tsk_prio                              0x000029f5   Thumb Code   110  rt_task.o(i.rt_tsk_prio)
    os_maxtaskrun                            0x00002ccc   Data           2  rtx_conf_cm.o(.constdata)
    os_stackinfo                             0x00002cd0   Data           4  rtx_conf_cm.o(.constdata)
    os_rrobin                                0x00002cd4   Data           4  rtx_conf_cm.o(.constdata)
    os_trv                                   0x00002cd8   Data           4  rtx_conf_cm.o(.constdata)
    os_flags                                 0x00002cdc   Data           1  rtx_conf_cm.o(.constdata)
    os_clockrate                             0x00002ce0   Data           4  rtx_conf_cm.o(.constdata)
    os_timernum                              0x00002ce4   Data           4  rtx_conf_cm.o(.constdata)
    mp_tcb_size                              0x00002ce8   Data           2  rtx_conf_cm.o(.constdata)
    mp_stk_size                              0x00002cec   Data           4  rtx_conf_cm.o(.constdata)
    os_fifo_size                             0x00002cf0   Data           1  rtx_conf_cm.o(.constdata)
    mp_tmr_size                              0x00002cf2   Data           2  rtx_conf_cm.o(.constdata)
    Font_6x8_h                               0x00002cf4   Data         896  glcd_spi_lpc1700.o(.constdata)
    Font_16x24_h                             0x00003074   Data        5376  glcd_spi_lpc1700.o(.constdata)
    led_mask                                 0x00004574   Data          32  led.o(.constdata)
    Region$$Table$$Base                      0x00004594   Number         0  anon$$obj.o(Region$$Table)
    Region$$Table$$Limit                     0x000045b4   Number         0  anon$$obj.o(Region$$Table)
    SystemCoreClock                          0x10000000   Data           4  system_lpc17xx.o(.data)
    ITM_RxBuffer                             0x10000004   Data           4  uart.o(.data)
    UART0TxEmpty                             0x10000008   Data           1  uart.o(.data)
    UART1TxEmpty                             0x10000009   Data           1  uart.o(.data)
    UART0Count                               0x1000000c   Data           4  uart.o(.data)
    UART1Count                               0x10000010   Data           4  uart.o(.data)
    i                                        0x10000014   Data           4  uart.o(.data)
    UART0Status                              0x10000018   Data           4  uart.o(.data)
    UART1Status                              0x1000001c   Data           4  uart.o(.data)
    RcvLock0                                 0x10000020   Data           1  uart.o(.data)
    SndLock0                                 0x10000021   Data           1  uart.o(.data)
    RcvLock1                                 0x10000022   Data           1  uart.o(.data)
    SndLock1                                 0x10000023   Data           1  uart.o(.data)
    heading                                  0x10000024   Data           4  main.o(.data)
    pushbutton                               0x10000028   Data           4  main.o(.data)
    start_screen                             0x1000002c   Data           4  main.o(.data)
    game_over                                0x10000030   Data           4  main.o(.data)
    snake_bitmap                             0x10000034   Data         200  main.o(.data)
    background_bitmap                        0x100000fc   Data         200  main.o(.data)
    m_tmr                                    0x100001c4   Data           4  rtx_conf_cm.o(.data)
    os_tsk                                   0x100001d4   Data           8  rt_task.o(.data)
    os_time                                  0x100001dc   Data           4  rt_time.o(.data)
    dbg_msg                                  0x100001e0   Data           1  hal_cm3.o(.data)
    os_tick_irqn                             0x100001e8   Data           4  rt_system.o(.data)
    os_robin                                 0x100001ec   Data           8  rt_robin.o(.data)
    os_tmr                                   0x100001f4   Data           8  rt_timer.o(.data)
    __microlib_freelist                      0x10000200   Data           4  mvars.o(.data)
    __microlib_freelist_initialised          0x10000204   Data           4  mvars.o(.data)
    UART0Buffer                              0x10000208   Data          64  uart.o(.bss)
    UART1Buffer                              0x10000248   Data          64  uart.o(.bss)
    mut_snake                                0x10000288   Data          12  main.o(.bss)
    mut_heading                              0x10000294   Data          12  main.o(.bss)
    snake                                    0x100002a0   Data          20  main.o(.bss)
    food                                     0x100002b4   Data          12  main.o(.bss)
    mp_tcb                                   0x100002c0   Data        1500  rtx_conf_cm.o(.bss)
    mp_stk                                   0x100008a0   Data       16400  rtx_conf_cm.o(.bss)
    os_fifo                                  0x100048b0   Data         132  rtx_conf_cm.o(.bss)
    os_active_TCB                            0x10004934   Data         124  rtx_conf_cm.o(.bss)
    os_idle_TCB                              0x100049b0   Data          48  rt_task.o(.bss)
    os_rdy                                   0x100049e0   Data          24  rt_list.o(.bss)
    os_dly                                   0x100049f8   Data          24  rt_list.o(.bss)
    __heap_base                              0x10004a10   Data           0  startup_lpc17xx.o(HEAP)
    __heap_limit                             0x10005a10   Data           0  startup_lpc17xx.o(HEAP)
    __initial_sp                             0x10006a10   Data           0  startup_lpc17xx.o(STACK)



==============================================================================

Memory Map of the image

  Image Entry point : 0x000000cd

  Load Region LR_IROM1 (Base: 0x00000000, Size: 0x000047bc, Max: 0x00080000, ABSOLUTE, COMPRESSED[0x000045d8])

    Execution Region ER_IROM1 (Base: 0x00000000, Size: 0x000045b4, Max: 0x00080000, ABSOLUTE)

    Base Addr    Size         Type   Attr      Idx    E Section Name        Object

    0x00000000   0x000000cc   Data   RO            3    RESET               startup_lpc17xx.o
    0x000000cc   0x00000000   Code   RO          855  * .ARM.Collect$$$$00000000  mc_w.l(entry.o)
    0x000000cc   0x00000004   Code   RO          899    .ARM.Collect$$$$00000001  mc_w.l(entry2.o)
    0x000000d0   0x00000004   Code   RO          902    .ARM.Collect$$$$00000004  mc_w.l(entry5.o)
    0x000000d4   0x00000000   Code   RO          904    .ARM.Collect$$$$00000008  mc_w.l(entry7b.o)
    0x000000d4   0x00000008   Code   RO          905    .ARM.Collect$$$$00000009  mc_w.l(entry8.o)
    0x000000dc   0x00000004   Code   RO          900    .ARM.Collect$$$$00002712  mc_w.l(entry2.o)
    0x000000e0   0x00000154   Code   RO          440    .emb_text           RTX_CM3.LIB(hal_cm3.o)
    0x00000234   0x00000024   Code   RO            5    .text               startup_lpc17xx.o
    0x00000258   0x0000000a   Code   RO          167    .text               rtx_conf_cm.o
    0x00000262   0x00000002   PAD
    0x00000264   0x00000054   Code   RO          226    .text               kbd.o
    0x000002b8   0x00000024   Code   RO          860    .text               mc_w.l(rand.o)
    0x000002dc   0x0000001e   Code   RO          906    .text               mc_w.l(llshl.o)
    0x000002fa   0x00000000   Code   RO          912    .text               mc_w.l(iusefp.o)
    0x000002fa   0x00000002   Code   RO          920    i.__scatterload_null  mc_w.l(handlers.o)
    0x000002fc   0x00000004   Code   RO            4    .ARM.__at_0x02FC    startup_lpc17xx.o
    0x00000300   0x00000318   Code   RO           15    .text               system_lpc17xx.o
    0x00000618   0x000003ac   Code   RO           83    .text               uart.o
    0x000009c4   0x000005e8   Code   RO          120    .text               main.o
    0x00000fac   0x00000c08   Code   RO          189    .text               glcd_spi_lpc1700.o
    0x00001bb4   0x000000ac   Code   RO          259    .text               led.o
    0x00001c60   0x00000062   Code   RO          858    .text               mc_w.l(uldiv.o)
    0x00001cc2   0x00000024   Code   RO          863    .text               mc_w.l(memcpya.o)
    0x00001ce6   0x00000022   Code   RO          895    .text               mf_w.l(dflti.o)
    0x00001d08   0x00000028   Code   RO          897    .text               mf_w.l(cdcmple.o)
    0x00001d30   0x00000020   Code   RO          908    .text               mc_w.l(llushr.o)
    0x00001d50   0x000000be   Code   RO          913    .text               mf_w.l(depilogue.o)
    0x00001e0e   0x00000002   PAD
    0x00001e10   0x00000024   Code   RO          915    .text               mc_w.l(init.o)
    0x00001e34   0x0000005c   Code   RO          925    .text               mc_w.l(__dczerorl2.o)
    0x00001e90   0x00000004   Code   RO          699    SVC_TABLE           RTX_CM3.LIB(SVC_Table.o)
    0x00001e94   0x0000000e   Code   RO          919    i.__scatterload_copy  mc_w.l(handlers.o)
    0x00001ea2   0x0000000e   Code   RO          921    i.__scatterload_zeroinit  mc_w.l(handlers.o)
    0x00001eb0   0x00000046   Code   RO          666    i._init_box         RTX_CM3.LIB(rt_membox.o)
    0x00001ef6   0x00000002   PAD
    0x00001ef8   0x00000030   Code   RO          441    i.dbg_init          RTX_CM3.LIB(hal_cm3.o)
    0x00001f28   0x00000020   Code   RO          442    i.dbg_task_notify   RTX_CM3.LIB(hal_cm3.o)
    0x00001f48   0x00000010   Code   RO          443    i.dbg_task_switch   RTX_CM3.LIB(hal_cm3.o)
    0x00001f58   0x00000050   Code   RO          867    i.free              mc_w.l(malloc.o)
    0x00001fa8   0x0000006c   Code   RO          868    i.malloc            mc_w.l(malloc.o)
    0x00002014   0x00000028   Code   RO          482    i.os_tick_init      RTX_CM3.LIB(rt_system.o)
    0x0000203c   0x00000002   Code   RO          483    i.os_tick_irqack    RTX_CM3.LIB(rt_system.o)
    0x0000203e   0x0000001a   Code   RO          667    i.rt_alloc_box      RTX_CM3.LIB(rt_membox.o)
    0x00002058   0x00000038   Code   RO          280    i.rt_block          RTX_CM3.LIB(rt_task.o)
    0x00002090   0x00000048   Code   RO          644    i.rt_chk_robin      RTX_CM3.LIB(rt_robin.o)
    0x000020d8   0x00000074   Code   RO          565    i.rt_dec_dly        RTX_CM3.LIB(rt_list.o)
    0x0000214c   0x00000044   Code   RO          281    i.rt_dispatch       RTX_CM3.LIB(rt_task.o)
    0x00002190   0x00000006   Code   RO          379    i.rt_dly_wait       RTX_CM3.LIB(rt_time.o)
    0x00002196   0x00000002   PAD
    0x00002198   0x0000004c   Code   RO          705    i.rt_evt_psh        RTX_CM3.LIB(rt_event.o)
    0x000021e4   0x00000020   Code   RO          668    i.rt_free_box       RTX_CM3.LIB(rt_membox.o)
    0x00002204   0x00000028   Code   RO          566    i.rt_get_first      RTX_CM3.LIB(rt_list.o)
    0x0000222c   0x00000044   Code   RO          282    i.rt_init_context   RTX_CM3.LIB(rt_task.o)
    0x00002270   0x00000018   Code   RO          645    i.rt_init_robin     RTX_CM3.LIB(rt_robin.o)
    0x00002288   0x00000050   Code   RO          444    i.rt_init_stack     RTX_CM3.LIB(hal_cm3.o)
    0x000022d8   0x000000c0   Code   RO          748    i.rt_mbx_psh        RTX_CM3.LIB(rt_mailbox.o)
    0x00002398   0x00000010   Code   RO          416    i.rt_mut_init       RTX_CM3.LIB(rt_mutex.o)
    0x000023a8   0x000000ac   Code   RO          417    i.rt_mut_release    RTX_CM3.LIB(rt_mutex.o)
    0x00002454   0x00000064   Code   RO          418    i.rt_mut_wait       RTX_CM3.LIB(rt_mutex.o)
    0x000024b8   0x00000078   Code   RO          484    i.rt_pop_req        RTX_CM3.LIB(rt_system.o)
    0x00002530   0x00000048   Code   RO          569    i.rt_put_dly        RTX_CM3.LIB(rt_list.o)
    0x00002578   0x00000036   Code   RO          570    i.rt_put_prio       RTX_CM3.LIB(rt_list.o)
    0x000025ae   0x00000002   PAD
    0x000025b0   0x00000014   Code   RO          571    i.rt_put_rdy_first  RTX_CM3.LIB(rt_list.o)
    0x000025c4   0x00000034   Code   RO          572    i.rt_resort_prio    RTX_CM3.LIB(rt_list.o)
    0x000025f8   0x00000028   Code   RO          573    i.rt_rmv_dly        RTX_CM3.LIB(rt_list.o)
    0x00002620   0x00000030   Code   RO          574    i.rt_rmv_list       RTX_CM3.LIB(rt_list.o)
    0x00002650   0x00000034   Code   RO          794    i.rt_sem_psh        RTX_CM3.LIB(rt_semaphore.o)
    0x00002684   0x00000024   Code   RO          487    i.rt_stk_check      RTX_CM3.LIB(rt_system.o)
    0x000026a8   0x00000028   Code   RO          283    i.rt_switch_req     RTX_CM3.LIB(rt_task.o)
    0x000026d0   0x00000158   Code   RO          284    i.rt_sys_init       RTX_CM3.LIB(rt_task.o)
    0x00002828   0x0000003c   Code   RO          489    i.rt_systick        RTX_CM3.LIB(rt_system.o)
    0x00002864   0x00000040   Code   RO          830    i.rt_tmr_tick       RTX_CM3.LIB(rt_timer.o)
    0x000028a4   0x00000094   Code   RO          285    i.rt_tsk_create     RTX_CM3.LIB(rt_task.o)
    0x00002938   0x000000bc   Code   RO          286    i.rt_tsk_delete     RTX_CM3.LIB(rt_task.o)
    0x000029f4   0x00000080   Code   RO          288    i.rt_tsk_prio       RTX_CM3.LIB(rt_task.o)
    0x00002a74   0x00000258   Data   RO          122    .constdata          main.o
    0x00002ccc   0x00000028   Data   RO          169    .constdata          rtx_conf_cm.o
    0x00002cf4   0x00001880   Data   RO          190    .constdata          glcd_spi_lpc1700.o
    0x00004574   0x00000020   Data   RO          260    .constdata          led.o
    0x00004594   0x00000020   Data   RO          917    Region$$Table       anon$$obj.o


    Execution Region RW_IRAM1 (Base: 0x10000000, Size: 0x00006a10, Max: 0x00008000, ABSOLUTE, COMPRESSED[0x00000024])

    Base Addr    Size         Type   Attr      Idx    E Section Name        Object

    0x10000000   0x00000004   Data   RW           16    .data               system_lpc17xx.o
    0x10000004   0x00000020   Data   RW           85    .data               uart.o
    0x10000024   0x000001a0   Data   RW          123    .data               main.o
    0x100001c4   0x00000004   Data   RW          170    .data               rtx_conf_cm.o
    0x100001c8   0x00000009   Data   RW          191    .data               glcd_spi_lpc1700.o
    0x100001d1   0x00000003   PAD
    0x100001d4   0x00000008   Data   RW          291    .data               RTX_CM3.LIB(rt_task.o)
    0x100001dc   0x00000004   Data   RW          383    .data               RTX_CM3.LIB(rt_time.o)
    0x100001e0   0x00000001   Data   RW          445    .data               RTX_CM3.LIB(hal_cm3.o)
    0x100001e1   0x00000003   PAD
    0x100001e4   0x00000008   Data   RW          492    .data               RTX_CM3.LIB(rt_system.o)
    0x100001ec   0x00000008   Data   RW          646    .data               RTX_CM3.LIB(rt_robin.o)
    0x100001f4   0x00000008   Data   RW          831    .data               RTX_CM3.LIB(rt_timer.o)
    0x100001fc   0x00000004   Data   RW          861    .data               mc_w.l(rand.o)
    0x10000200   0x00000004   Data   RW          910    .data               mc_w.l(mvars.o)
    0x10000204   0x00000004   Data   RW          911    .data               mc_w.l(mvars.o)
    0x10000208   0x00000080   Zero   RW           84    .bss                uart.o
    0x10000288   0x00000038   Zero   RW          121    .bss                main.o
    0x100002c0   0x000046f0   Zero   RW          168    .bss                rtx_conf_cm.o
    0x100049b0   0x00000030   Zero   RW          290    .bss                RTX_CM3.LIB(rt_task.o)
    0x100049e0   0x00000030   Zero   RW          575    .bss                RTX_CM3.LIB(rt_list.o)
    0x10004a10   0x00001000   Zero   RW            2    HEAP                startup_lpc17xx.o
    0x10005a10   0x00001000   Zero   RW            1    STACK               startup_lpc17xx.o


==============================================================================

Image component sizes


      Code (inc. data)   RO Data    RW Data    ZI Data      Debug   Object Name

      3080         64       6272          9          0       8668   glcd_spi_lpc1700.o
        84         12          0          0          0        620   kbd.o
       172         16         32          0          0       1249   led.o
      1512        138        600        416         56      11580   main.o
        10          0         40          4      18160       1708   rtx_conf_cm.o
        40         12        204          0       8192        832   startup_lpc17xx.o
       792         78          0          4          0       5225   system_lpc17xx.o
       940         60          0         32        128      45503   uart.o

    ----------------------------------------------------------------------
      6632        380       7180        468      26536      75385   Object Totals
         0          0         32          0          0          0   (incl. Generated)
         2          0          0          3          0          0   (incl. Padding)

    ----------------------------------------------------------------------

      Code (inc. data)   RO Data    RW Data    ZI Data      Debug   Library Member Name

         4          4          0          0          0        136   SVC_Table.o
       516         56          0          1          0       2465   hal_cm3.o
        76          4          0          0          0        541   rt_event.o
       442         30          0          0         48       3794   rt_list.o
       192          4          0          0          0        605   rt_mailbox.o
       128          0          0          0          0       1489   rt_membox.o
       288         12          0          0          0       1601   rt_mutex.o
        96         22          0          8          0        962   rt_robin.o
        52          6          0          0          0        453   rt_semaphore.o
       258         42          0          8          0       2962   rt_system.o
      1040        174          0          8         48       6884   rt_task.o
         6          0          0          4          0        504   rt_time.o
        64          8          0          8          0        583   rt_timer.o
        92          0          0          0          0          0   __dczerorl2.o
         0          0          0          0          0          0   entry.o
         8          4          0          0          0          0   entry2.o
         4          0          0          0          0          0   entry5.o
         0          0          0          0          0          0   entry7b.o
         8          4          0          0          0          0   entry8.o
        30          0          0          0          0          0   handlers.o
        36          8          0          0          0         68   init.o
         0          0          0          0          0          0   iusefp.o
        30          0          0          0          0         68   llshl.o
        32          0          0          0          0         68   llushr.o
       188         20          0          0          0        160   malloc.o
        36          0          0          0          0         68   memcpya.o
         0          0          0          8          0          0   mvars.o
        36         10          0          4          0        136   rand.o
        98          0          0          0          0         92   uldiv.o
        40          2          0          0          0         68   cdcmple.o
       190          0          0          0          0        176   depilogue.o
        34          0          0          0          0         76   dflti.o

    ----------------------------------------------------------------------
      4032        410          0         52         96      23959   Library Totals
         8          0          0          3          0          0   (incl. Padding)

    ----------------------------------------------------------------------

      Code (inc. data)   RO Data    RW Data    ZI Data      Debug   Library Name

      3162        362          0         37         96      22979   RTX_CM3.LIB
       598         46          0         12          0        660   mc_w.l
       264          2          0          0          0        320   mf_w.l

    ----------------------------------------------------------------------
      4032        410          0         52         96      23959   Library Totals

    ----------------------------------------------------------------------

==============================================================================


      Code (inc. data)   RO Data    RW Data    ZI Data      Debug   

     10664        790       7180        520      26632      96224   Grand Totals
     10664        790       7180         36      26632      96224   ELF Image Totals (compressed)
     10664        790       7180         36          0          0   ROM Totals

==============================================================================

    Total RO  Size (Code + RO Data)                17844 (  17.43kB)
    Total RW  Size (RW Data + ZI Data)             27152 (  26.52kB)
    Total ROM Size (Code + RO Data + RW Data)      17880 (  17.46kB)

==============================================================================

