<html>
<body>
<pre>
<h1>µVision Build Log</h1>
<h2>Project:</h2>
N:\MTE241\Snake\snake.uvproj
Project File Date:  07/14/2016

<h2>Output:</h2>
Rebuild target 'Target 1'
assembling startup_LPC17xx.s...
compiling system_LPC17xx.c...
compiling Retarget.c...
Retarget.c(20): warning:  #47-D: incompatible redefinition of macro "__RTGT_UART"
compiling uart.c...
uart.h(25): warning:  #47-D: incompatible redefinition of macro "__RTGT_UART"
compiling main.c...
compiling RTX_Conf_CM.c...
compiling GLCD_SPI_LPC1700.c...
compiling KBD.c...
compiling LED.c...
linking...
Program Size: Code=11596 RO-data=7180 RW-data=532 ZI-data=26636  
"Project3.axf" - 0 Error(s), 2 Warning(s).
Load "N:\\MTE241\\Snake\\Project3.AXF" 
Erase Done.
Programming Done.
Verify OK.
Build target 'Target 1'
compiling main.c...
linking...
Program Size: Code=11696 RO-data=7180 RW-data=532 ZI-data=26636  
"Project3.axf" - 0 Error(s), 0 Warning(s).
Load "N:\\MTE241\\Snake\\Project3.AXF" 
Erase Done.
Programming Done.
Verify OK.
Build target 'Target 1'
compiling main.c...
linking...
Program Size: Code=11468 RO-data=7180 RW-data=532 ZI-data=26636  
"Project3.axf" - 0 Error(s), 0 Warning(s).
Build target 'Target 1'
compiling main.c...
linking...
Program Size: Code=10888 RO-data=7180 RW-data=532 ZI-data=26636  
"Project3.axf" - 0 Error(s), 0 Warning(s).
Load "N:\\MTE241\\Snake\\Project3.AXF" 
Erase Done.
Programming Done.
Verify OK.
Build target 'Target 1'
compiling main.c...
linking...
Program Size: Code=10664 RO-data=7180 RW-data=520 ZI-data=26632  
"Project3.axf" - 0 Error(s), 0 Warning(s).
Load "N:\\MTE241\\Snake\\Project3.AXF" 
Erase Done.
Programming Done.
Verify OK.
